#-----------------------------------------------------------
# Vivado v2020.2 (64-bit)
# SW Build 3064766 on Wed Nov 18 09:12:47 MST 2020
# IP Build 3064653 on Wed Nov 18 14:17:31 MST 2020
# Start of session at: Mon Jan  3 18:54:20 2022
# Process ID: 49299
# Current directory: /home/hannes/Entwicklung/synthesizer/FPGA/audio_station/audio_station.runs/audio_station_overview_AudioStation_0_3_synth_1
# Command line: vivado -log audio_station_overview_AudioStation_0_3.vds -product Vivado -mode batch -messageDb vivado.pb -notrace -source audio_station_overview_AudioStation_0_3.tcl
# Log file: /home/hannes/Entwicklung/synthesizer/FPGA/audio_station/audio_station.runs/audio_station_overview_AudioStation_0_3_synth_1/audio_station_overview_AudioStation_0_3.vds
# Journal file: /home/hannes/Entwicklung/synthesizer/FPGA/audio_station/audio_station.runs/audio_station_overview_AudioStation_0_3_synth_1/vivado.jou
#-----------------------------------------------------------
source audio_station_overview_AudioStation_0_3.tcl -notrace
